// Jest Snapshot v1, https://goo.gl/fbAQLP

exports[`(public)/contratar/[userid]/components/contact-modal.tsx should render correctly 1`] = `
<DocumentFragment>
  <div
    class="text-center"
  >
    <button
      class="rounded-full bg-blue-500 hover:bg-blue-700 text-white font-bold py-2 px-4 rounded mb-8"
    >
      Enviar Mensagem
    </button>
  </div>
</DocumentFragment>
`;
